
test2.elf:     file format elf32-littleriscv


Disassembly of section .text:

00000000 <main>:
 *
 * If semihosting is not available, use `--specs=nosys.specs` during link.
 */

int main(void)
{
   0:	fe010113          	addi	sp,sp,-32
   4:	00812e23          	sw	s0,28(sp)
   8:	02010413          	addi	s0,sp,32
  int a, b;
  a = 5;
   c:	00500793          	li	a5,5
  10:	fef42623          	sw	a5,-20(s0)
  b = 7;
  14:	00700793          	li	a5,7
  18:	fef42423          	sw	a5,-24(s0)
  a = a + b;
  1c:	fec42703          	lw	a4,-20(s0)
  20:	fe842783          	lw	a5,-24(s0)
  24:	00f707b3          	add	a5,a4,a5
  28:	fef42623          	sw	a5,-20(s0)

  for(int i= 1; i<8; i++) {
  2c:	00100793          	li	a5,1
  30:	fef42223          	sw	a5,-28(s0)
  34:	0300006f          	j	64 <main+0x64>
	  b = a + b;
  38:	fe842703          	lw	a4,-24(s0)
  3c:	fec42783          	lw	a5,-20(s0)
  40:	00f707b3          	add	a5,a4,a5
  44:	fef42423          	sw	a5,-24(s0)
	  a = b + a;
  48:	fec42703          	lw	a4,-20(s0)
  4c:	fe842783          	lw	a5,-24(s0)
  50:	00f707b3          	add	a5,a4,a5
  54:	fef42623          	sw	a5,-20(s0)
  for(int i= 1; i<8; i++) { * <-This debug line is repeated and not part of the original .c program
  58:	fe442783          	lw	a5,-28(s0)
  5c:	00178793          	addi	a5,a5,1
  60:	fef42223          	sw	a5,-28(s0)
  64:	fe442703          	lw	a4,-28(s0)
  68:	00700793          	li	a5,7
  6c:	fce7d6e3          	bge	a5,a4,38 <main+0x38>
  70:	00000793          	li	a5,0
  }


}
  74:	00078513          	mv	a0,a5
  78:	01c12403          	lw	s0,28(sp)
  7c:	02010113          	addi	sp,sp,32
  80:	00008067          	ret
